// Jest Snapshot v1, https://goo.gl/fbAQLP

exports[`News Container should match the snapshot with all data passed in correctly 1`] = `
<section
  className="article-section"
>
  <NewsArticle
    description="They win 5th"
    img="//www.img.com"
    title="Go Nuggets"
  />
  <NewsArticle
    description="Spoiler, they suck"
    img="//www.img.com"
    title="Go Broncos"
  />
</section>
`;
