// Jest Snapshot v1, https://goo.gl/fbAQLP

exports[`Menu should match the snapshot with all data passed in correctly 1`] = `
<nav
  className="navbar"
>
  <h1>
    What's NEWs
  </h1>
  <aside>
    <button
      className="news-type-btn"
      key="0.5028493423883316"
      onClick={[MockFunction]}
    >
      local news
    </button>
    <button
      className="news-type-btn"
      key="0.8351847853733725"
      onClick={[MockFunction]}
    >
      entertainment
    </button>
    <button
      className="news-type-btn"
      key="0.8751796137075329"
      onClick={[MockFunction]}
    >
      tech
    </button>
    <button
      className="news-type-btn"
      key="0.23945868412623494"
      onClick={[MockFunction]}
    >
      science
    </button>
    <button
      className="news-type-btn"
      key="0.30654091539320616"
      onClick={[MockFunction]}
    >
      health
    </button>
  </aside>
</nav>
`;
