// Jest Snapshot v1, https://goo.gl/fbAQLP

exports[`Menu should match the snapshot with all data passed in correctly 1`] = `
<nav
  className="navbar"
>
  <h1>
    What's NEWs
  </h1>
  <aside>
    <button
      className="news-type-btn"
      key="0.7840633769560659"
      onClick={[MockFunction]}
    >
      local news
    </button>
    <button
      className="news-type-btn"
      key="0.3118166104924005"
      onClick={[MockFunction]}
    >
      entertainment
    </button>
    <button
      className="news-type-btn"
      key="0.04347748136617269"
      onClick={[MockFunction]}
    >
      tech
    </button>
    <button
      className="news-type-btn"
      key="0.8877348488619285"
      onClick={[MockFunction]}
    >
      science
    </button>
    <button
      className="news-type-btn"
      key="0.45471043699276503"
      onClick={[MockFunction]}
    >
      health
    </button>
  </aside>
</nav>
`;
